- [原文链接](https://www.percona.com/blog/2020/06/03/improving-mysql-password-security-with-validation-plugin/)

# 使用验证插件提升MySQL密码安全性
在当今系统中，提高安全性是必须的！安全系统中最薄弱的环节之一是攻击者可以使用用户密码进入。为了提高密码的强度和安全性，MySQL提供了一个名为“Validation pluging”的插件，可以通过配置，执行一组密码规则。

## 安装
可以在运行时执行以下命令来启用该插件：
```
INSTALL PLUGIN validate_password SONAME 'validate_password.so';
```
或通过在配置文件中添加插件，但这需要重启MySQL为其生效：
```
[mysqld]
plugin-load-add=validate_password.so
```
建议在`my.cnf`中添加以下变量，这样插件在运行时就不会被删除（也需要重启MySQL才能生效）：
```
[mysqld]
validate-password=FORCE_PLUS_PERMANENT
```

## 验证安装
您可以检查插件安装来验证是否安装插件：
```
mysql> SHOW PLUGINS \G
…
*************************** 53. row ***************************
   Name: validate_password
 Status: ACTIVE
   Type: VALIDATE PASSWORD
Library: validate_password.so
License: GPL
```
或者检查MySQL中是否启用了以下参数：
```
mysql> show global variables like 'validate%';
+--------------------------------------+--------+
| Variable_name                        | Value  |
+--------------------------------------+--------+
| validate_password_check_user_name    | OFF    |
| validate_password_dictionary_file    |        |
| validate_password_length             | 8      |
| validate_password_mixed_case_count   | 1      |
| validate_password_number_count       | 1      |
| validate_password_policy             | MEDIUM |
| validate_password_special_char_count | 1      |
+--------------------------------------+--------+
7 rows in set (0.00 sec)
```

## 用法
简单总结一下影响密码的参数：

`Validate_password_policy`：确定密码强度策略，可以是低、中或强。根据所设置的策略，可能会忽略一些参数。
|策略|校验的参数|
|:-:|:-|
|0或者LOW|Length|
|1或者MEDIUM|Length; numeric, lowercase/uppercase, and special characters|
|2或者STRONG|Length; numeric, lowercase/uppercase, and special characters; dictionary file|

`Validate_password_length`：最小字符数

`Validate_password_mixed_case_count`：最小大小写字符

`Validate_password_number_count`：最小数字字符数

`Validate_password_special_char_count`：非字母数字字符的最小数目

`Validate_password_check_user_name`：如果启用，则阻止用户设置与用户名相同或者相反的密码

`Validate_password_dictionary_file`：字典文件的路径，最大大小为1MB，每行包含一个单词。任何具有匹配字典中任何单词的子字符串的密码都不能使用，检查不区分大小写，字典的最小长度为每个单词4个字母。修改字典文件后，必须再次执行`SET GLOBAL Validate_password_dictionary_file = ‘path_to_dictionary’;`，以便重新加载字典。

提示：增加密码策略后，当前密码不会自动过期，并且可能不适合新策略。应该使用密码过期的方法强制用户在固定天数后或者密码策略发生更改时设置新密码。

## 举例
```
mysql> show global variables like 'validate%';
+--------------------------------------+--------+
| Variable_name                        | Value  |
+--------------------------------------+--------+
| validate_password_check_user_name    | OFF    |
| validate_password_dictionary_file    |        |
| validate_password_length             | 8      |
| validate_password_mixed_case_count   | 1      |
| validate_password_number_count       | 1      |
| validate_password_policy             | MEDIUM |
| validate_password_special_char_count | 1      |
+--------------------------------------+--------+
7 rows in set (0.00 sec)
```
尝试设置以下密码，结果会返回报错：
```
mysql> set password = '12345678';
ERROR 1819 (HY000): Your password does not satisfy the current policy requirements
mysql> set password = '123456Ab';
ERROR 1819 (HY000): Your password does not satisfy the current policy requirements
```
密码必须要至少8位，要包含一个特殊字符，一个数字，一个小写字母和一个大写字母，如下所示：
```
mysql> set password = '123456Ab@';
Query OK, 0 rows affected (0.00 sec)
```
如果设置：
```
mysql> set global validate_password_policy = 'STRONG';
mysql> set global validate_password_dictionary_file = '/tmp/dictionary.txt';
```
如果有以下字典文件（记住最少4个字符的单词）
```
$ cat /tmp/dictionary.txt
man1
```
以下包含大小写不敏感字符串“man1”的密码不被接受：
```
mysql> SET PASSWORD = ‘MAN12345#A';
ERROR 1819 (HY000): Your password does not satisfy the current policy requirements
mysql> SET PASSWORD = 'man12345#A';
ERROR 1819 (HY000): Your password does not satisfy the current policy requirements
mysql> SET PASSWORD = ‘2345man1#A’;
ERROR 1819 (HY000): Your password does not satisfy the current policy requirements
```
但是以下密码是可以接受的，因为它符合所有要求：
```
mysql> set password = '2345man2#A';
Query OK, 0 rows affected (0.00 sec)
```

## 使用案例
每个公司会因他们的需要和政策而指定不同的密码要求，但有些企业或者公司已经订有标准，例如：
- [PCI/DSS](https://www.pcisecuritystandards.org/pci_security/maintaining_payment_security)（支付卡行业数据安全标准），其中有各种关于安全的策略，但关于密码的要求是：
	- 要求至少最少7个字符。
	- 包含数字和字母。
可通过设置以下规则实现：
```
SET GLOBAL validate_password_length = 7;
SET GLOBAL validate_password_mixed_case_count = 1;
SET GLOBAL validate_password_number_count = 1;
SET GLOBAL validate_password_special_char_count = 0;
SET GLOBAL validate_password_policy = ‘MEDIUM’;
```
提示：按照现在的标准，上面的设置可能看起来很弱，但是上面的设置是符合PCI/DSS所必需的最低要求，可以使用更严格的策略。此外，PCI/DSS还有其他需求（验证插件无法解决），比如密码过期策略、尝试6次失败后的锁定等等，而且不完全依赖密码强度。

- [NIST](https://pages.nist.gov/800-63-3/sp800-63b.html#sec4)(国立理工学院)密码最低要求仅包括最小长度为8（激活密码为6），可以通过以下设置实现：
```
SET GLOBAL validate_password_length = 8;
SET GLOBAL validate_password_policy = ‘LOW’;
```
NIST鼓励使用更复杂的密码，包括特殊字符和字典，其中包含以前破解的密码、字典单词、重复字符串和常见字符串，如“aaaa”或“1234”，可以通过以下配置实现：
```
SET GLOBAL validate_password_length = 8;
SET GLOBAL validate_password_mixed_case_count = 1;
SET GLOBAL validate_password_number_count = 1;
SET GLOBAL validate_password_special_char_count = 1;
SET GLOBAL validate_password_dictionary_file = 'dictionary.txt';
SET GLOBAL validate_password_policy = STRONG’;
```
具有包含禁止字词的字典文件。由于字典的最大大小是1MB，因此字典中可能存在的单词和模式的数量可能会限制为策略的必需实现，尽管其他措施（如多次失败后的密码锁定）也应该实现以符合NIST。
- [OWASP](https://owasp.org/)(开放Web应用程序安全性项目)具有以下最低要求：
	- 至少1个大写字符（A-Z）
	- 至少一个小写字符（a-z）
	- 至少一个数字（0-9）
	- 至少一个特殊字符，包含标点符合和空格
	- 至少包含10个字符
	- 连续的字符不能超过2个（如“aaa”，"bbb"）
可以通过以下配置：
```
SET GLOBAL validate_password_length = 10;
SET GLOBAL validate_password_mixed_case_count = 1;
SET GLOBAL validate_password_number_count = 1;
SET GLOBAL validate_password_special_char_count = 1;
SET GLOBAL validate_password_dictionary_file = 'dictionary.txt';
SET GLOBAL validate_password_policy = STRONG’;
```
并且用所有可能的连续字符组合填充字典。

## 总结
验证插件可以极大帮助实现密码策略以提高系统安全性，并且可以通过快速简便的方式进行设置，但是还应该有其他安全机制来补充验证插件，例如：
- [密码过期](https://www.percona.com/blog/2016/02/04/mysql-password-expiration-features-help-comply-pci-dss/)
- [增加连续登陆重试的间隔](https://dev.mysql.com/doc/mysql-security-excerpt/8.0/en/connection-control-installation.html)
- 限制用户尝试和锁定用户([连接控制插件](https://dev.mysql.com/doc/mysql-security-excerpt/5.7/en/connection-control-installation.html)+[锁定用户](https://dev.mysql.com/doc/mysql-security-excerpt/5.7/en/account-locking.html))
- [安全的密码传输](https://dev.mysql.com/doc/mysql-security-excerpt/5.7/en/creating-rsa-files-using-openssl.html)
- [密码重用策略](https://dev.mysql.com/doc/mysql-security-excerpt/8.0/en/password-management.html#password-reuse-policy)



