- [原文链接](https://www.percona.com/blog/2020/10/27/using-mysql-8-persisted-system-variables/)


# MySQL8系统参数持久化
本博文讨论了关于持久化系统参数的新特性，以及如何通过它将更改后的参数持久化。MySQL服务端维护系统参数。动态参数在MySQL8之前的版本不会持久化，在重启后会重置。这些参数可以在MySQL运行时，通过`SET`语句更改当前服务实例的参数，但是我们必须人工更新`my.cnf`配置文件，让其持久化。在许多情况下，在服务端更新`my.cnf`不是一个方便的方法，并且在之后的重启后会动态恢复之前的参数，没有任何历史记录。

持久化系统参数是MySQL8引入的有用特性之一。这个新功能帮助DBA动态更新参数并注册它们，不需要从服务器端修改配置文件。

## 如何持久化全局系统参数？
如`SET GLOBAL`，`SET PERSIST`命令可以在运行时更新系统参数，并使它们在重启后保持不变。当我们使用`PERSIST`关键字时，更改的参数被更新到数据目录中的`mysqld-auto.cnf`文件中。`mysqld-auto.cnf`是一个JSON格式的文件，仅在第一次执行`PERSIST`或`PERSIST_ONLY`语句时创建。

通过更新`max connections`的示例来看一下这个功能的工作流程。
```
mysql> SET PERSIST max_connections = 1000;
Query OK, 0 rows affected (0.00 sec)
mysql> select @@max_connections\G
*************************** 1. row ***************************
@max_connections: 1000
1 row in set (0.00 sec)
```
生成的`mysqld-auto.cnf`如以下所示：
```
cat /var/lib/mysql/mysqld-auto.cnf
{ "Version" : 1 , "mysql_server" : { "max_connections" : { "Value" : "1000" , "Metadata" : { "Timestamp" : 1602543199335909 , "User" : "root" , "Host" : "localhost" } } } }
```

## 如何持久化只读系统参数
当需要更改只读参数时，我们需要使用`PERSIST_ONLY`关键字。它会更新`mysqld-auto.cnf`文件，但是不会应用到MySQL，直到下次MySQL重启。这使得`PERSIST_ONLY`适用的只读系统参数只能在服务启动时设置。
```
mysql>  SET PERSIST innodb_log_file_size=50331648*2;
ERROR 1238 (HY000): Variable 'innodb_log_file_size' is a read-only variable
mysql> set persist_only innodb_log_file_size=50331648*2;
Query OK, 0 rows affected (0.01 sec)
```

## 如何清除持久化的系统参数？
我们使用`RESET PERSIST`命令移除`mysqld-auto.cnf`中的持久化设置。没有指定参数名就运行这个命令时要小心，因为它会从配置文件中移除所有设置。实际上，它从`mysqld-auto.cnf`中删除了持久化设置，但没有从MySQL中删除。
```
mysql> RESET PERSIST;
Query OK, 0 rows affected (0.00 sec)
cat /var/lib/mysql/mysqld-auto.cnf
{ "Version" : 1 , "mysql_server" : {  } }
```
```
mysql> select @@max_connections;
+-------------------+
| @@max_connections |
+-------------------+
|              1000 |
+-------------------+
1 row in set (0.01 sec)
```
如果您不想清除配置文件中全部设置，仅想清除指定参数，可参考以下示例。如果我们清除一个不存在`mysqld-auto.cnf`中的参数，它会报以下错误，我们可以使用`IF EXISTS`语句避免错误。
```
mysql> RESET PERSIST max_connections;
Query OK, 0 rows affected (0.00 sec)
mysql> RESET PERSIST innodb_max_dirty_pages_pct;
ERROR 3615 (HY000): Variable innodb_max_dirty_pages_pct does not exist in persisted config file
mysql>
mysql> RESET PERSIST IF EXISTS innodb_max_dirty_pages_pct;
Query OK, 0 rows affected, 1 warning (0.00 sec)
mysql> show warnings;
| Warning | 3615 | Variable innodb_max_dirty_pages_pct does not exist in persisted config file |
```

## 有方法禁用持久化吗？
有，`persisted_globals_load`参数用于启用或禁用系统参数持久化。禁用后，服务启动时忽略`mysqld-auto.cnf`文件。人工修改`mysqld-auto.cnf`文件可能导致服务启动时出现解析错误。在这个情况下，服务端将抛出异常并退出。如果出现此问题，如下所示，必须禁用`persisted_globals_load`系统参数或使用`–no-defaults`选项。
```
mysql> select @@persisted_globals_load ;
+-------------------------------------+
| @@persisted_globals_load            |
+-------------------------------------+
|                 1                   |
+-------------------------------------+
1 row in set (0.00 sec)

grep -i persisted_globals_load /etc/my.cnf
persisted_globals_load=0

mysql> restart;
Query OK, 0 rows affected (0.00 sec)

mysql>  select @@persisted_globals_load ;
+-----------------------------------+
|    @@persisted_globals_load       |
+-----------------------------------+
|                 0                 |
+----------------------------------+
1 row in set (0.00 sec)

mysql> select @@max_connections;
+-------------------+
| @@max_connections |
+-------------------+
|               500 |
+-------------------+
1 row in set (0.00 sec)
```

## 需要怎样的权限？
考虑到安全性，最佳实践是为正确的用户设置正确的权限。用户使用`SET PERSIST_ONLY`将全局系统参数持久化到`mysqld-auto.cnf`中所需的权限是`The SYSTEM_VARIABLES_ADMIN`和`PERSIST_RO_VARIABLES_ADMIN`。

用户还需要`SHUTDOWN`权限，这样可以能够执行`RESTART`命令。它提供了一种从客户端会话重新启动MySQL的方法，不需要通过命令行访问服务端主机。
```
mysql> CREATE USER 'admin_persist'@'localhost' IDENTIFIED BY '*********';
Query OK, 0 rows affected (0.02 sec)

mysql> GRANT SYSTEM_VARIABLES_ADMIN, PERSIST_RO_VARIABLES_ADMIN, SHUTDOWN on *.* to 'admin_persist'@'localhost';
Query OK, 0 rows affected (0.03 sec)
```

## 如何监控参数变化
列出使用`PERSIST`选项更新的参数，我们可以如下所示，使用`performance_schema.persisted_variables`表与其他几个表关联查询。这是一个简单的示例，说明如何从MySQL监控参数，并可以根据需要修改查询。
```
mysql> select v.VARIABLE_NAME,g.VARIABLE_VALUE current_value,p.VARIABLE_VALUE as persist_value,SET_TIME,SET_USER,VARIABLE_SOURCE,VARIABLE_PATH from performance_schema.variables_info v JOIN performance_schema.persisted_variables p USING(VARIABLE_NAME) JOIN performance_schema.global_variables g USING(VARIABLE_NAME)\G
*************************** 1. row ***************************
  VARIABLE_NAME: innodb_log_file_size
  current_value: 50331648
  persist_value: 100663296
       SET_TIME: 2020-10-12 18:54:35.725177
       SET_USER: arun
VARIABLE_SOURCE: COMPILED
  VARIABLE_PATH:

*************************** 2. row ***************************
  VARIABLE_NAME: max_connections
  current_value: 1000
  persist_value: 1000
       SET_TIME: 2020-10-12 18:53:19.336115
       SET_USER: root
VARIABLE_SOURCE: DYNAMIC
  VARIABLE_PATH:
2 rows in set (0.06 sec)

mysql> restart;
Query OK, 0 rows affected (0.01 sec)

select v.VARIABLE_NAME,g.VARIABLE_VALUE current_value,p.VARIABLE_VALUE as persist_value,SET_TIME,SET_USER,VARIABLE_SOURCE,VARIABLE_PATH from performance_schema.variables_info v JOIN performance_schema.persisted_variables p USING(VARIABLE_NAME) JOIN performance_schema.global_variables g USING(VARIABLE_NAME)\G
*************************** 1. row ***************************
  VARIABLE_NAME: innodb_log_file_size
  current_value: 100663296
  persist_value: 100663296
       SET_TIME: 2020-10-12 18:54:35.725177
       SET_USER: arun
VARIABLE_SOURCE: PERSISTED
  VARIABLE_PATH: /var/lib/mysql/mysqld-auto.cnf

*************************** 2. row ***************************
  VARIABLE_NAME: max_connections
  current_value: 1000
  persist_value: 1000
       SET_TIME: 2020-10-12 18:53:19.335909
       SET_USER: root
VARIABLE_SOURCE: PERSISTED
  VARIABLE_PATH: /var/lib/mysql/mysqld-auto.cnf
2 rows in set (0.16 sec)
```
希望这个博文可以解释什么是“系统参数持久化”以及它是如何运行的。
